idx_01_devatasamyutta.htm
idx_02_devaputtasamyutta.htm
idx_03_kosalasamyutta.htm
idx_04_marasamyutta.htm
idx_05_bhikkhunisamyutta.htm
idx_06_brahmasamyutta.htm
idx_07_brahmanasamyutta.htm
idx_08_vangisa-thera-samyutta.htm
idx_09_vanasamyutta.htm
idx_10_yakkhasamyutta.htm
idx_11_sakkasamyutta.htm
idx_12_nidanasamyutta.htm
idx_13_abhisamayasamyutta.htm
idx_14_dhatusamyutta.htm
idx_15_anamataggasamyutta.htm
idx_16_kassapasamyutta.htm
idx_17_labhasakkarasamyutta.htm
idx_18_rahulasamyutta.htm
idx_19_lakkhanasamyutta.htm
idx_20_opammasamyutta.htm
idx_21_bhikkhusamyutta.htm
idx_22_khandhasamyutta.htm
idx_23_radhasamyutta.htm
idx_24_ditthisamyutta.htm
idx_25_okkantikasamyutta.htm
idx_26_uppadasamyutta.htm
idx_27_kilesasamyutta.htm
idx_28_sariputtasamyutta.htm
idx_29_nagasamyutta.htm
idx_30_supannasamyutta.htm
idx_31_gandhabbakayasamyutta.htm
idx_32_valahakasamyutta.htm
idx_33_vacchagottasamyutta.htm
idx_34_jhanasamyutta.htm
idx_35_salayatanasamyutta.htm
idx_36_vedanasamyutta.htm
idx_37_matugamasamyutta.htm
idx_38_jambhukhadakasamyutta.htm
idx_39_samandakasamyutta.htm
idx_40_moggallanasamyutta.htm
idx_41_cittasamyutta.htm
idx_42_gamanisamyutta.htm
idx_43_asankhatasamyutta.htm
idx_44_avyakatasamyutta.htm
idx_45_maggasamyutta.htm
idx_46_bojjhangasamyutta.htm
idx_47_satipatthanasamyutta.htm
idx_48_indriyasamyutta.htm
idx_49_sammappadhanasamyutta.htm
idx_50_balasamyutta.htm
idx_51_iddhipadasamyutta.htm
idx_52_anuruddhasamyutta.htm
idx_53_jhanasamyutta.htm
idx_54_anapanasamyutta.htm
idx_55_sotapattisamyutta.htm
idx_56_saccasamyutta.htm